PARSED

a=@

SOFT

a=@

HARD

a=@

CODE

a=@

TYPE

a=$

BASE

a=@