PARSED

:*  {@ @}
    {a=@ @}
    {a=$ a}
    {a={@ $} +3.a}
    {a=$-(@ $) $-(b=@ (a b))}
==

SOFT

:*  {@ @}
    {a=@ @}
    {a=$ a}
    {a={@ $} +3.a}
    {a=$-(@ $) $-(b=@ (a b))}
==

HARD

:*  {@ @}
    {a=@ @}
    {a=$ a}
    {a={@ $} +3.a}
    $:  ^=  a
        $?  +7
        $|  [$;(@ *) *]
        ++  %  $
        --
        $?  +7
        $|  [$;(b=@ *) *]
        ++  %
          =+  a
          %.+2(+6 b:+3)
        --
    ==
==

CODE

:*  {@ @}
    {a=@ @}
    {a=$ +2}
    {a={@ $} +5}
    {a=$-(@ $) $-(b=@ (+6 +4))}
==

TYPE

[$ $ $ $ $]

BASE

:*  {@ @}
    {a=@ @}
    {a=$ +2}
    {a={@ $} +5}
    {a=$-(@ $) $-(b=@ %.+6(+6 +4))}
==