PARSED

|%
++  %
  ^-  *
  0
++  bar
  ^-  [@ @]
  [2 3]
++  foo
  ^-  @
  1
--

SOFT

|%
++  %
  ^-  *
  0
++  bar
  ^-  [@ @]
  [2 3]
++  foo
  ^-  @
  1
--

CODE

|%
++  %  0
++  bar  [2 3]
++  foo  1
--

TYPE

$=  =>  0
    |%
    ++  %  0
    ++  bar  [2 3]
    ++  foo  1
    --
=>  0
$|  0|*
  0|*
++  %  *
++  bar  [@ @]
++  foo  @
--

BASE

=>  0
|%
++  %  0
++  bar  [2 3]
++  foo  1
--