PARSED

=/  a
  1
=/  b
  [2 3]
=(a b)

SOFT

=+  a=1
=+  b=[2 3]
=(a b)

CODE

=+  1
=+  [2 3]
=(+6 +2)

TYPE

?

BASE

=(1 [2 3])