PARSED

%.  123
^-  $-(@ @)
|=(a=@ a)

SOFT

%-  ^-  $-(@ @)
    |=(a=@ a)
123

CODE

(|=(* +2) 123)

TYPE

@

BASE

123