PARSED

+([1 2])

SOFT

+([1 2])

HARD

+([1 2])

ERROR

  trace:  play:
          lvl   0
          sut   0|*
          ----
          code  +([1 2])

          work:
          lvl   0
          sut   0|*
          ----
          mode  nest
          code  [1 2]
          type  @

          nest:
          have  [@ud @ud]
          need  @


  nest-fail:
  have  [@ud @ud]
  need  @

