PARSED

@pandex

SOFT

@pandex

HARD

@pandex

CODE

@pandex

TYPE

$

BASE

@pandex