PARSED

a=1

SOFT

a=1

CODE

1

TYPE

a=@ud

BASE

1