PARSED

=/  f
  ^-  $-(@ $)
  |=(a {@ @})
=/  c
  ^-  {a|@ b|(f a)}
  [1 2 3]
b.c

CODE

=+  ^=  f
    ^-  $-(@ $)
    |=(a {@ @})
=+  ^=  c
    ^-  {a=@ b=(f a)}
    [1 2 3]
b.c

COLD

=+  f=|=(_ {@ @})
=+  c=[1 2 3]
+7

TYPE

=>  :-  :+  :-  0
            ^=  f
            =>  0
            |=(_ {@ @})
          0
        ^=  f
        =>  0
        |=(_ {@ @})
    1
{@ @}

BASE

[2 3]