PARSED

=/  a
  p=1
q.a

CODE

=+  a=p=1
q.a

ERROR

  trace:  play:
          lvl   0
          sut   *
          ken   0
          ----
          code  =+  a=p=1
                q.a


          play:
          lvl   0
          sut   *
          ken   0
          ----
          code  a=p=1

          play:
          lvl   0
          sut   *
          ken   0
          ----
          code  p=1

          nest:
          have  p=@ud
          need  $

          play:
          lvl   1
          sut   {* a=p=@ud}
          ken   [0 1]
          ----
          code  q.a

          find:
          lvl   1
          sut   {* a=p=@ud}
          ken   [0 1]
          ----
          wing  q.a


  find.q
  type  p=@ud

