PARSED

[1 [4 5 6] 2 3]

SOFT

[1 [4 5 6] 2 3]

HARD

[1 [4 5 6] 2 3]

CODE

[1 [4 5 6] 2 3]

TYPE

[@ud [@ud @ud @ud] @ud @ud]

BASE

[1 [4 5 6] 2 3]