PARSED

=>  |%
    ++  list
      ^-  $-($ $)
      |=  a=$
      $%  {$nil [$~]}
          {$con [i=a t=(list a)]}
      ==
    --
=/  a
  `(list @)`[%con 1 %con 2 %nil ~]
a

SOFT

=>  |%
    ++  list
      ^-  $-($ $)
      |=  a=$
      $:  ?(%7104878 %7237475)
          ^-  $
          ?:  ?=(%"nil" +2)
            $~
          ??  ?=(%"con" +2)
          [i=a t=(list a)]
      ==
    --
=+  a=`(list @)`[%con 1 %con 2 %nil ~]
a

CODE

=>  |%
    ++  list
      |=  *
      $:  ?(%7104878 %7237475)
          ?:  ?=(%"nil" +2)
            $~
          [i=+14 t=(list.+15 +14)]
      ==
    --
=+  ["con" 1 "con" 2 "nil" 0]
+2

TYPE

%-  #<  |=  *
        $:  ?(%7104878 %7237475)
            ?:  ?=(%"nil" +2)
              $~
            [i=+14 t=(list.+15 +14)]
        ==
    =>  0
    |%
    ++  list
      |=  *
      $:  ?(%7104878 %7237475)
          ?:  ?=(%"nil" +2)
            $~
          [i=+14 t=(list.+15 +14)]
      ==
    --
@

BASE

["con" 1 "con" 2 "nil" 0]