PARSED

=>  |%
    ++  even-list
      ^-  $
      $%  {$nil [$~]}
          {$con [@ $con @ even-list]}
      ==
    ++  list
      ^-  $
      $%  {$nil [$~]}
          {$con [@ list]}
      ==
    --
`even-list``list`[%nil ~]

SOFT

=>  |%
    ++  even-list
      ^-  $
      $:  ?(%7104878 %7237475)
          ^-  $
          ?:  ?=(%"nil" +2)
            $~
          ??  ?=(%"con" +2)
          [@ $con @ even-list]
      ==
    ++  list
      ^-  $
      $:  ?(%7104878 %7237475)
          ^-  $
          ?:  ?=(%"nil" +2)
            $~
          ??  ?=(%"con" +2)
          [@ list]
      ==
    --
`even-list``list`[%nil ~]

ERROR

  trace:  play:
          lvl   0
          sut   0|*
          ----
          code  =>  |%
                    ++  even-list
                      ^-  $
                      $:  ?(%7104878 %7237475)
                          ^-  $
                          ?:  ?=(%"nil" +2)
                            $~
                          ??  ?=(%"con" +2)
                          [@ $con @ even-list]
                      ==
                    ++  list
                      ^-  $
                      $:  ?(%7104878 %7237475)
                          ^-  $
                          ?:  ?=(%"nil" +2)
                            $~
                          ??  ?=(%"con" +2)
                          [@ list]
                      ==
                    --
                `even-list``list`[%nil ~]


          play:
          lvl   0
          sut   $=  =>  0
                    |%
                    ++  even-list
                      $:  ?(%7104878 %7237475)
                          ?:  ?=(%"nil" +2)
                            $~
                          [@ $con @ even-list.+3]
                      ==
                    ++  list
                      $:  ?(%7104878 %7237475)
                          ?:  ?=(%"nil" +2)
                            $~
                          [@ list.+3]
                      ==
                    --
                $|  0|*
                  0|*
                ++  even-list  $
                ++  list  $
                --

          ----
          code  `even-list``list`[%nil ~]

          work:
          lvl   0
          sut   $=  =>  0
                    |%
                    ++  even-list
                      $:  ?(%7104878 %7237475)
                          ?:  ?=(%"nil" +2)
                            $~
                          [@ $con @ even-list.+3]
                      ==
                    ++  list
                      $:  ?(%7104878 %7237475)
                          ?:  ?=(%"nil" +2)
                            $~
                          [@ list.+3]
                      ==
                    --
                $|  0|*
                  0|*
                ++  even-list  $
                ++  list  $
                --

          ----
          mode  cast
          code  `list`[%nil ~]
          type  =>  =>  0
                    |%
                    ++  even-list
                      $:  ?(%7104878 %7237475)
                          ?:  ?=(%"nil" +2)
                            $~
                          [@ $con @ even-list.+3]
                      ==
                    ++  list
                      $:  ?(%7104878 %7237475)
                          ?:  ?=(%"nil" +2)
                            $~
                          [@ list.+3]
                      ==
                    --
                $:  ?(%7104878 %7237475)
                    ?:  ?=(%"nil" +2)
                      $~
                    [@ $con @ even-list.+3]
                ==


          cast:
          have  =>  =>  0
                    |%
                    ++  even-list
                      $:  ?(%7104878 %7237475)
                          ?:  ?=(%"nil" +2)
                            $~
                          [@ $con @ even-list.+3]
                      ==
                    ++  list
                      $:  ?(%7104878 %7237475)
                          ?:  ?=(%"nil" +2)
                            $~
                          [@ list.+3]
                      ==
                    --
                $:  ?(%7104878 %7237475)
                    ?:  ?=(%"nil" +2)
                      $~
                    [@ list.+3]
                ==

          need  =>  =>  0
                    |%
                    ++  even-list
                      $:  ?(%7104878 %7237475)
                          ?:  ?=(%"nil" +2)
                            $~
                          [@ $con @ even-list.+3]
                      ==
                    ++  list
                      $:  ?(%7104878 %7237475)
                          ?:  ?=(%"nil" +2)
                            $~
                          [@ list.+3]
                      ==
                    --
                $:  ?(%7104878 %7237475)
                    ?:  ?=(%"nil" +2)
                      $~
                    [@ $con @ even-list.+3]
                ==


          cast:
          have  $:  ?(%7104878 %7237475)
                    ?:  ?=(%"nil" +2)
                      $~
                    :-  @
                    =>  =>  0
                        |%
                        ++  even-list
                          $:  ?(%7104878 %7237475)
                              ?:  ?=(%"nil" +2)
                                $~
                              [@ $con @ even-list.+3]
                          ==
                        ++  list
                          $:  ?(%7104878 %7237475)
                              ?:  ?=(%"nil" +2)
                                $~
                              [@ list.+3]
                          ==
                        --
                    $:  ?(%7104878 %7237475)
                        ?:  ?=(%"nil" +2)
                          $~
                        [@ list.+3]
                    ==
                ==

          need  =>  =>  0
                    |%
                    ++  even-list
                      $:  ?(%7104878 %7237475)
                          ?:  ?=(%"nil" +2)
                            $~
                          [@ $con @ even-list.+3]
                      ==
                    ++  list
                      $:  ?(%7104878 %7237475)
                          ?:  ?=(%"nil" +2)
                            $~
                          [@ list.+3]
                      ==
                    --
                $:  ?(%7104878 %7237475)
                    ?:  ?=(%"nil" +2)
                      $~
                    [@ $con @ even-list.+3]
                ==


          cast:
          have  $:  ?(%7104878 %7237475)
                    ?:  ?=(%"nil" +2)
                      $~
                    :-  @
                    =>  =>  0
                        |%
                        ++  even-list
                          $:  ?(%7104878 %7237475)
                              ?:  ?=(%"nil" +2)
                                $~
                              [@ $con @ even-list.+3]
                          ==
                        ++  list
                          $:  ?(%7104878 %7237475)
                              ?:  ?=(%"nil" +2)
                                $~
                              [@ list.+3]
                          ==
                        --
                    $:  ?(%7104878 %7237475)
                        ?:  ?=(%"nil" +2)
                          $~
                        [@ list.+3]
                    ==
                ==

          need  $:  ?(%7104878 %7237475)
                    ?:  ?=(%"nil" +2)
                      $~
                    :^  @
                        $con
                      @
                    =>  =>  0
                        |%
                        ++  even-list
                          $:  ?(%7104878 %7237475)
                              ?:  ?=(%"nil" +2)
                                $~
                              [@ $con @ even-list.+3]
                          ==
                        ++  list
                          $:  ?(%7104878 %7237475)
                              ?:  ?=(%"nil" +2)
                                $~
                              [@ list.+3]
                          ==
                        --
                    $:  ?(%7104878 %7237475)
                        ?:  ?=(%"nil" +2)
                          $~
                        [@ $con @ even-list.+3]
                    ==
                ==


          cast:
          have  ?:  ?=(%"nil" +2)
                  $~
                :-  @
                =>  =>  0
                    |%
                    ++  even-list
                      $:  ?(%7104878 %7237475)
                          ?:  ?=(%"nil" +2)
                            $~
                          [@ $con @ even-list.+3]
                      ==
                    ++  list
                      $:  ?(%7104878 %7237475)
                          ?:  ?=(%"nil" +2)
                            $~
                          [@ list.+3]
                      ==
                    --
                $:  ?(%7104878 %7237475)
                    ?:  ?=(%"nil" +2)
                      $~
                    [@ list.+3]
                ==

          need  ?:  ?=(%"nil" +2)
                  $~
                :^  @
                    $con
                  @
                =>  =>  0
                    |%
                    ++  even-list
                      $:  ?(%7104878 %7237475)
                          ?:  ?=(%"nil" +2)
                            $~
                          [@ $con @ even-list.+3]
                      ==
                    ++  list
                      $:  ?(%7104878 %7237475)
                          ?:  ?=(%"nil" +2)
                            $~
                          [@ list.+3]
                      ==
                    --
                $:  ?(%7104878 %7237475)
                    ?:  ?=(%"nil" +2)
                      $~
                    [@ $con @ even-list.+3]
                ==


          cast:
          have  :-  @
                =>  =>  0
                    |%
                    ++  even-list
                      $:  ?(%7104878 %7237475)
                          ?:  ?=(%"nil" +2)
                            $~
                          [@ $con @ even-list.+3]
                      ==
                    ++  list
                      $:  ?(%7104878 %7237475)
                          ?:  ?=(%"nil" +2)
                            $~
                          [@ list.+3]
                      ==
                    --
                $:  ?(%7104878 %7237475)
                    ?:  ?=(%"nil" +2)
                      $~
                    [@ list.+3]
                ==

          need  :^  @
                    $con
                  @
                =>  =>  0
                    |%
                    ++  even-list
                      $:  ?(%7104878 %7237475)
                          ?:  ?=(%"nil" +2)
                            $~
                          [@ $con @ even-list.+3]
                      ==
                    ++  list
                      $:  ?(%7104878 %7237475)
                          ?:  ?=(%"nil" +2)
                            $~
                          [@ list.+3]
                      ==
                    --
                $:  ?(%7104878 %7237475)
                    ?:  ?=(%"nil" +2)
                      $~
                    [@ $con @ even-list.+3]
                ==


          cast:
          have  =>  =>  0
                    |%
                    ++  even-list
                      $:  ?(%7104878 %7237475)
                          ?:  ?=(%"nil" +2)
                            $~
                          [@ $con @ even-list.+3]
                      ==
                    ++  list
                      $:  ?(%7104878 %7237475)
                          ?:  ?=(%"nil" +2)
                            $~
                          [@ list.+3]
                      ==
                    --
                $:  ?(%7104878 %7237475)
                    ?:  ?=(%"nil" +2)
                      $~
                    [@ list.+3]
                ==

          need  :+  $con
                  @
                =>  =>  0
                    |%
                    ++  even-list
                      $:  ?(%7104878 %7237475)
                          ?:  ?=(%"nil" +2)
                            $~
                          [@ $con @ even-list.+3]
                      ==
                    ++  list
                      $:  ?(%7104878 %7237475)
                          ?:  ?=(%"nil" +2)
                            $~
                          [@ list.+3]
                      ==
                    --
                $:  ?(%7104878 %7237475)
                    ?:  ?=(%"nil" +2)
                      $~
                    [@ $con @ even-list.+3]
                ==


          cast:
          have  $:  ?(%7104878 %7237475)
                    ?:  ?=(%"nil" +2)
                      $~
                    :-  @
                    =>  =>  0
                        |%
                        ++  even-list
                          $:  ?(%7104878 %7237475)
                              ?:  ?=(%"nil" +2)
                                $~
                              [@ $con @ even-list.+3]
                          ==
                        ++  list
                          $:  ?(%7104878 %7237475)
                              ?:  ?=(%"nil" +2)
                                $~
                              [@ list.+3]
                          ==
                        --
                    $:  ?(%7104878 %7237475)
                        ?:  ?=(%"nil" +2)
                          $~
                        [@ list.+3]
                    ==
                ==

          need  :+  $con
                  @
                =>  =>  0
                    |%
                    ++  even-list
                      $:  ?(%7104878 %7237475)
                          ?:  ?=(%"nil" +2)
                            $~
                          [@ $con @ even-list.+3]
                      ==
                    ++  list
                      $:  ?(%7104878 %7237475)
                          ?:  ?=(%"nil" +2)
                            $~
                          [@ list.+3]
                      ==
                    --
                $:  ?(%7104878 %7237475)
                    ?:  ?=(%"nil" +2)
                      $~
                    [@ $con @ even-list.+3]
                ==


          cast:
          have  ?(%7104878 %7237475)
          need  $con


  cast-fail:
  have  ?(%7104878 %7237475)
  need  $con

