PARSED

=/  id
  |=  t=$
  ^-  $-(t t)
  |=(x=t x)
:*  ((id @) 1)
    ((id *) 2)
    ((id {@ @}) [3 4])
    ((id ^) [5 6])
    ((id ?) %&)
    ((id $-(t=$ $-(t t))) id)
    %:  %:  ((id $-(t=$ $-(t t))) id)
            $-(t=$ $-(t t))
        ==
        id
    ==
    %:  (id $-(t=$ $-(t t)))
        ((id $-(t=$ $-(t t))) id)
    ==
==

SOFT

=+  ^=  id
    |=  t=$
    ^-  $-(t t)
    |=(x=t x)
:*  ((id @) 1)
    ((id *) 2)
    ((id {@ @}) 3 4)
    ((id * *) 5 6)
    ((id ?) %&)
    ((id $-(t=$ $-(t t))) id)
    %-  %-  ((id $-(t=$ $-(t t))) id)
        $-(t=$ $-(t t))
    id
    %-  (id $-(t=$ $-(t t)))
    ((id $-(t=$ $-(t t))) id)
==

HARD

=+  ^=  id
    =:  t=$
      ^-  *
      0
    |%
    ++  %
      ^-  $?  +7
          $|  [$;(t *) *]
          ++  %  t
          --
      =:  x=t
        ^-  *
        0
      |%
      ++  %  x
      --
    --
:*  =+  =+  id
        %.+2(+6 @:+3)
    %.+2(+6 1:+3)
    =+  =+  id
        %.+2(+6 *:+3)
    %.+2(+6 2:+3)
    =+  =+  id
        %.+2(+6 {@ @}:+3)
    %.+2(+6 [3 4]:+3)
    =+  =+  id
        %.+2(+6 [* *]:+3)
    %.+2(+6 [5 6]:+3)
    =+  =+  id
        %.+2(+6 ?:+3)
    %.+2(+6 %&:+3)
    =+  =+  id
        %=  %.+2
            +6
          =>  +3
          $?  +7
          $|  [$;(t=$ *) *]
          ++  %
            $?  +7
            $|  [$;(t *) *]
            ++  %  t
            --
          --
        ::
        ==
    %.+2(+6 id:+3)
    =+  =+  =+  =+  id
                %=  %.+2
                    +6
                  =>  +3
                  $?  +7
                  $|  [$;(t=$ *) *]
                  ++  %
                    $?  +7
                    $|  [$;(t *) *]
                    ++  %  t
                    --
                  --
                ::
                ==
            %.+2(+6 id:+3)
        %=  %.+2
            +6
          =>  +3
          $?  +7
          $|  [$;(t=$ *) *]
          ++  %
            $?  +7
            $|  [$;(t *) *]
            ++  %  t
            --
          --
        ::
        ==
    %.+2(+6 id:+3)
    =+  =+  id
        %=  %.+2
            +6
          =>  +3
          $?  +7
          $|  [$;(t=$ *) *]
          ++  %
            $?  +7
            $|  [$;(t *) *]
            ++  %  t
            --
          --
        ::
        ==
    %=  %.+2
        +6
      =>  +3
      =+  =+  id
          %=  %.+2
              +6
            =>  +3
            $?  +7
            $|  [$;(t=$ *) *]
            ++  %
              $?  +7
              $|  [$;(t *) *]
              ++  %  t
              --
            --
          ::
          ==
      %.+2(+6 id:+3)
    ::
    ==
==

CODE

=+  |=(_ |=(_ +6))
:*  ((+2 @) 1)
    ((+2 *) 2)
    ((+2 {@ @}) 3 4)
    ((+2 * *) 5 6)
    ((+2 ?) 0)
    ((+2 $-(t=$ $-(+4 +12))) +2)
    %-  %-  ((+2 $-(t=$ $-(+4 +12))) +2)
        $-(t=$ $-(+4 +12))
    +2
    %-  (+2 $-(t=$ $-(+4 +12)))
    ((+2 $-(t=$ $-(+4 +12))) +2)
==

TYPE

:*  @
    *
    {@ @}
    [* *]
    ?
    $-(t=$ $-(+4 +12))
    $-(t=$ $-(+4 +12))
    $-(t=$ $-(+4 +12))
==

BASE

:*  1
    2
    [3 4]
    [5 6]
    0
    |%
    ++  %  |=(_ +6)
    --
    |%
    ++  %  |=(_ +6)
    --
    |%
    ++  %  |=(_ +6)
    --
==