PARSED

|=(a=@ a/@)

SOFT

|=  a=@
^-  @
a

CODE

|=  *
|%
++  %  +6
--

TYPE

=>  [+1_2 0]
$-(a=@ @)

BASE

=>  [0 0]
|%
++  %
  |%
  ++  %  +6
  --
--