PARSED

$-(t=$ q)

SOFT

$-(t=$ q)

HARD

$?  +7
$|  [$;(t=$ *) *]
++  %  q
--

ERROR

  trace:  play:
          lvl   0
          sut   0|*
          ----
          code  $-(t=$ q)

          work:
          lvl   0
          sut   0|*
          ----
          mode  nest
          code  $|  [$;(t=$ *) *]
                ++  %  q
                --

          type  $

          play:
          lvl   0
          sut   0|*
          ----
          code  $|  [$;(t=$ *) *]
                ++  %  q
                --


          work:
          lvl   1
          sut   [[t=$ *] 0|*]
          ----
          mode  nest
          code  q
          type  $

          play:
          lvl   1
          sut   [[t=$ *] 0|*]
          ----
          code  q

          find:
          loc   (1,1)
          sut   [[t=$ *] 0|*]
          ----
          wing  q


  find.q
  type  [[t=$ *] 0|*]

