PARSED

$-(t=$ t)

SOFT

$-(t=$ t)

CODE

$-(t=$ +2)

TYPE

$

BASE

=>  0
$-(t=$ +2)