PARSED

%.  :*  %&
        %&
        %&
        %&
        %&
        %&
        %&
        %&
        %&
        %&
        %&
        %&
        %&
        %&
        %&
        %&
        %&
        %&
        %&
        %&
        %&
        %&
        %&
        %&
        %&
        %&
        %&
        %&
        %&
        %&
        %&
        %&
        %&
        %&
        %&
    ==
|=  ^=  big
    :*  ?
        ?
        ?
        ?
        ?
        ?
        ?
        ?
        ?
        ?
        ?
        ?
        ?
        ?
        ?
        ?
        ?
        ?
        ?
        ?
        ?
        ?
        ?
        ?
        ?
        ?
        ?
        ?
        ?
        ?
        ?
        ?
        ?
        ?
        ?
    ==
^-  @
?-  big
    :*  _
        _
        _
        _
        0
        _
        _
        _
        _
        _
        _
        _
        _
        _
        _
        _
        _
        _
        _
        _
        _
        _
        _
        _
        _
        _
        _
        _
        _
        _
        _
        _
        _
        _
        _
    ==
  1
::
    :*  _
        _
        _
        _
        _
        1
        _
        _
        _
        _
        _
        _
        _
        _
        _
        _
        _
        _
        _
        _
        _
        _
        _
        _
        _
        _
        _
        _
        _
        _
        _
        _
        _
        _
        _
    ==
  2
::
    :*  _
        _
        _
        _
        _
        _
        _
        _
        _
        _
        _
        _
        _
        _
        0
        _
        0
        _
        _
        _
        _
        _
        _
        _
        _
        _
        _
        _
        _
        _
        _
        _
        _
        _
        _
    ==
  3
::
    :*  _
        _
        _
        _
        _
        _
        _
        _
        _
        _
        _
        _
        _
        _
        1
        _
        0
        _
        _
        _
        _
        _
        _
        _
        _
        _
        _
        _
        _
        _
        _
        _
        _
        _
        _
    ==
  4
::
    :*  _
        _
        _
        _
        _
        _
        _
        _
        _
        _
        _
        _
        _
        _
        _
        _
        0
        _
        _
        _
        _
        _
        _
        _
        _
        _
        _
        _
        _
        _
        0
        _
        _
        _
        _
    ==
  5
::
==

SOFT

%:  |=  ^=  big
        :*  ?
            ?
            ?
            ?
            ?
            ?
            ?
            ?
            ?
            ?
            ?
            ?
            ?
            ?
            ?
            ?
            ?
            ?
            ?
            ?
            ?
            ?
            ?
            ?
            ?
            ?
            ?
            ?
            ?
            ?
            ?
            ?
            ?
            ?
            ?
        ==
    ^-  @
    ?:  ?=  :*  _
                _
                _
                _
                %0
                _
                _
                _
                _
                _
                _
                _
                _
                _
                _
                _
                _
                _
                _
                _
                _
                _
                _
                _
                _
                _
                _
                _
                _
                _
                _
                _
                _
                _
                _
            ==
        big
      1
    ?:  ?=  :*  _
                _
                _
                _
                _
                %1
                _
                _
                _
                _
                _
                _
                _
                _
                _
                _
                _
                _
                _
                _
                _
                _
                _
                _
                _
                _
                _
                _
                _
                _
                _
                _
                _
                _
                _
            ==
        big
      2
    ?:  ?=  :*  _
                _
                _
                _
                _
                _
                _
                _
                _
                _
                _
                _
                _
                _
                %0
                _
                %0
                _
                _
                _
                _
                _
                _
                _
                _
                _
                _
                _
                _
                _
                _
                _
                _
                _
                _
            ==
        big
      3
    ?:  ?=  :*  _
                _
                _
                _
                _
                _
                _
                _
                _
                _
                _
                _
                _
                _
                %1
                _
                %0
                _
                _
                _
                _
                _
                _
                _
                _
                _
                _
                _
                _
                _
                _
                _
                _
                _
                _
            ==
        big
      4
    ??  ?=  :*  _
                _
                _
                _
                _
                _
                _
                _
                _
                _
                _
                _
                _
                _
                _
                _
                %0
                _
                _
                _
                _
                _
                _
                _
                _
                _
                _
                _
                _
                _
                %0
                _
                _
                _
                _
            ==
        big
    5
    %&
    %&
    %&
    %&
    %&
    %&
    %&
    %&
    %&
    %&
    %&
    %&
    %&
    %&
    %&
    %&
    %&
    %&
    %&
    %&
    %&
    %&
    %&
    %&
    %&
    %&
    %&
    %&
    %&
    %&
    %&
    %&
    %&
    %&
    %&
==

HARD

=+  =:  ^=  big
        :*  ?
            ?
            ?
            ?
            ?
            ?
            ?
            ?
            ?
            ?
            ?
            ?
            ?
            ?
            ?
            ?
            ?
            ?
            ?
            ?
            ?
            ?
            ?
            ?
            ?
            ?
            ?
            ?
            ?
            ?
            ?
            ?
            ?
            ?
            ?
        ==
      ^-  *
      0
    |%
    ++  %
      ^-  @
      ?:  ?=  :*  _
                  _
                  _
                  _
                  %0
                  _
                  _
                  _
                  _
                  _
                  _
                  _
                  _
                  _
                  _
                  _
                  _
                  _
                  _
                  _
                  _
                  _
                  _
                  _
                  _
                  _
                  _
                  _
                  _
                  _
                  _
                  _
                  _
                  _
                  _
              ==
          big
        1
      ?:  ?=  :*  _
                  _
                  _
                  _
                  _
                  %1
                  _
                  _
                  _
                  _
                  _
                  _
                  _
                  _
                  _
                  _
                  _
                  _
                  _
                  _
                  _
                  _
                  _
                  _
                  _
                  _
                  _
                  _
                  _
                  _
                  _
                  _
                  _
                  _
                  _
              ==
          big
        2
      ?:  ?=  :*  _
                  _
                  _
                  _
                  _
                  _
                  _
                  _
                  _
                  _
                  _
                  _
                  _
                  _
                  %0
                  _
                  %0
                  _
                  _
                  _
                  _
                  _
                  _
                  _
                  _
                  _
                  _
                  _
                  _
                  _
                  _
                  _
                  _
                  _
                  _
              ==
          big
        3
      ?:  ?=  :*  _
                  _
                  _
                  _
                  _
                  _
                  _
                  _
                  _
                  _
                  _
                  _
                  _
                  _
                  %1
                  _
                  %0
                  _
                  _
                  _
                  _
                  _
                  _
                  _
                  _
                  _
                  _
                  _
                  _
                  _
                  _
                  _
                  _
                  _
                  _
              ==
          big
        4
      ??  ?=  :*  _
                  _
                  _
                  _
                  _
                  _
                  _
                  _
                  _
                  _
                  _
                  _
                  _
                  _
                  _
                  _
                  %0
                  _
                  _
                  _
                  _
                  _
                  _
                  _
                  _
                  _
                  _
                  _
                  _
                  _
                  %0
                  _
                  _
                  _
                  _
              ==
          big
      5
    --
%=  %.+2
    +6
  =>  +3
  :*  %&
      %&
      %&
      %&
      %&
      %&
      %&
      %&
      %&
      %&
      %&
      %&
      %&
      %&
      %&
      %&
      %&
      %&
      %&
      %&
      %&
      %&
      %&
      %&
      %&
      %&
      %&
      %&
      %&
      %&
      %&
      %&
      %&
      %&
      %&
  ==
::
==

ERROR

  trace:  play:
          lvl   0
          sut   0|*
          ----
          code  %:  |=  ^=  big
                        :*  ?
                            ?
                            ?
                            ?
                            ?
                            ?
                            ?
                            ?
                            ?
                            ?
                            ?
                            ?
                            ?
                            ?
                            ?
                            ?
                            ?
                            ?
                            ?
                            ?
                            ?
                            ?
                            ?
                            ?
                            ?
                            ?
                            ?
                            ?
                            ?
                            ?
                            ?
                            ?
                            ?
                            ?
                            ?
                        ==
                    ^-  @
                    ?:  ?=  :*  _
                                _
                                _
                                _
                                %0
                                _
                                _
                                _
                                _
                                _
                                _
                                _
                                _
                                _
                                _
                                _
                                _
                                _
                                _
                                _
                                _
                                _
                                _
                                _
                                _
                                _
                                _
                                _
                                _
                                _
                                _
                                _
                                _
                                _
                                _
                            ==
                        big
                      1
                    ?:  ?=  :*  _
                                _
                                _
                                _
                                _
                                %1
                                _
                                _
                                _
                                _
                                _
                                _
                                _
                                _
                                _
                                _
                                _
                                _
                                _
                                _
                                _
                                _
                                _
                                _
                                _
                                _
                                _
                                _
                                _
                                _
                                _
                                _
                                _
                                _
                                _
                            ==
                        big
                      2
                    ?:  ?=  :*  _
                                _
                                _
                                _
                                _
                                _
                                _
                                _
                                _
                                _
                                _
                                _
                                _
                                _
                                %0
                                _
                                %0
                                _
                                _
                                _
                                _
                                _
                                _
                                _
                                _
                                _
                                _
                                _
                                _
                                _
                                _
                                _
                                _
                                _
                                _
                            ==
                        big
                      3
                    ?:  ?=  :*  _
                                _
                                _
                                _
                                _
                                _
                                _
                                _
                                _
                                _
                                _
                                _
                                _
                                _
                                %1
                                _
                                %0
                                _
                                _
                                _
                                _
                                _
                                _
                                _
                                _
                                _
                                _
                                _
                                _
                                _
                                _
                                _
                                _
                                _
                                _
                            ==
                        big
                      4
                    ??  ?=  :*  _
                                _
                                _
                                _
                                _
                                _
                                _
                                _
                                _
                                _
                                _
                                _
                                _
                                _
                                _
                                _
                                %0
                                _
                                _
                                _
                                _
                                _
                                _
                                _
                                _
                                _
                                _
                                _
                                _
                                _
                                %0
                                _
                                _
                                _
                                _
                            ==
                        big
                    5
                    %&
                    %&
                    %&
                    %&
                    %&
                    %&
                    %&
                    %&
                    %&
                    %&
                    %&
                    %&
                    %&
                    %&
                    %&
                    %&
                    %&
                    %&
                    %&
                    %&
                    %&
                    %&
                    %&
                    %&
                    %&
                    %&
                    %&
                    %&
                    %&
                    %&
                    %&
                    %&
                    %&
                    %&
                    %&
                ==


          play:
          lvl   0
          sut   0|*
          ----
          code  |=  ^=  big
                    :*  ?
                        ?
                        ?
                        ?
                        ?
                        ?
                        ?
                        ?
                        ?
                        ?
                        ?
                        ?
                        ?
                        ?
                        ?
                        ?
                        ?
                        ?
                        ?
                        ?
                        ?
                        ?
                        ?
                        ?
                        ?
                        ?
                        ?
                        ?
                        ?
                        ?
                        ?
                        ?
                        ?
                        ?
                        ?
                    ==
                ^-  @
                ?:  ?=  :*  _
                            _
                            _
                            _
                            %0
                            _
                            _
                            _
                            _
                            _
                            _
                            _
                            _
                            _
                            _
                            _
                            _
                            _
                            _
                            _
                            _
                            _
                            _
                            _
                            _
                            _
                            _
                            _
                            _
                            _
                            _
                            _
                            _
                            _
                            _
                        ==
                    big
                  1
                ?:  ?=  :*  _
                            _
                            _
                            _
                            _
                            %1
                            _
                            _
                            _
                            _
                            _
                            _
                            _
                            _
                            _
                            _
                            _
                            _
                            _
                            _
                            _
                            _
                            _
                            _
                            _
                            _
                            _
                            _
                            _
                            _
                            _
                            _
                            _
                            _
                            _
                        ==
                    big
                  2
                ?:  ?=  :*  _
                            _
                            _
                            _
                            _
                            _
                            _
                            _
                            _
                            _
                            _
                            _
                            _
                            _
                            %0
                            _
                            %0
                            _
                            _
                            _
                            _
                            _
                            _
                            _
                            _
                            _
                            _
                            _
                            _
                            _
                            _
                            _
                            _
                            _
                            _
                        ==
                    big
                  3
                ?:  ?=  :*  _
                            _
                            _
                            _
                            _
                            _
                            _
                            _
                            _
                            _
                            _
                            _
                            _
                            _
                            %1
                            _
                            %0
                            _
                            _
                            _
                            _
                            _
                            _
                            _
                            _
                            _
                            _
                            _
                            _
                            _
                            _
                            _
                            _
                            _
                            _
                        ==
                    big
                  4
                ??  ?=  :*  _
                            _
                            _
                            _
                            _
                            _
                            _
                            _
                            _
                            _
                            _
                            _
                            _
                            _
                            _
                            _
                            %0
                            _
                            _
                            _
                            _
                            _
                            _
                            _
                            _
                            _
                            _
                            _
                            _
                            _
                            %0
                            _
                            _
                            _
                            _
                        ==
                    big
                5


          tire:
          fish
                >>  :-  :*  _
                            _
                            _
                            _
                            _
                            _
                            _
                            _
                            _
                            _
                            _
                            _
                            _
                            _
                            _
                            _
                            %0
                            _
                            _
                            _
                            _
                            _
                            _
                            _
                            _
                            _
                            _
                            _
                            _
                            _
                            %0
                            _
                        ==
                    _

                >>  :-  [_ _ _ _ _ _ _ _ _ _ _ _ _ _ %0 _ %0 _]
                    _

                >>  :-  [_ _ _ _ _ _ _ _ _ _ _ _ _ _ %1 _ %0 _]
                    _

                >>  [[_ _ _ _ _ %1 _] _]
                >>  [[_ _ _ _ %0 _] _]


          type  :-  ^=  big
                    :*  ?
                        ?
                        ?
                        ?
                        ?
                        ?
                        ?
                        ?
                        ?
                        ?
                        ?
                        ?
                        ?
                        ?
                        ?
                        ?
                        ?
                        ?
                        ?
                        ?
                        ?
                        ?
                        ?
                        ?
                        ?
                        ?
                        ?
                        ?
                        ?
                        ?
                        ?
                        ?
                        ?
                        ?
                        ?
                    ==
                0|*



  tire-fish:
  axis  2
  miss  :-  :*  _
                _
                _
                _
                %1
                %0
                _
                _
                _
                _
                _
                _
                _
                _
                %0
                _
                %1
                _
            ==
        _


