PARSED

%.  [%& %& %&]
|=  tre=[? ? ?]
^-  @
?-(tre [%& %& %&] 1, [%& %& %|] 2, [%& %| %&] 3, [%| %& %&] 4, [%| %& %|] 6, [%| %| %&] 7, [%| %| %|] 8)

SOFT

%^  |=  tre=[? ? ?]
    ^-  @
    ?:  ?=([%0 %0 %0] tre)
      1
    ?:  ?=([%0 %0 %1] tre)
      2
    ?:  ?=([%0 %1 %0] tre)
      3
    ?:  ?=([%1 %0 %0] tre)
      4
    ?:  ?=([%1 %0 %1] tre)
      6
    ?:  ?=([%1 %1 %0] tre)
      7
    ??  ?=([%1 %1 %1] tre)
    8
    %&
  %&
%&

HARD

=+  =:  tre=[? ? ?]
      ^-  *
      0
    |%
    ++  %
      ^-  @
      ?:  ?=([%0 %0 %0] tre)
        1
      ?:  ?=([%0 %0 %1] tre)
        2
      ?:  ?=([%0 %1 %0] tre)
        3
      ?:  ?=([%1 %0 %0] tre)
        4
      ?:  ?=([%1 %0 %1] tre)
        6
      ?:  ?=([%1 %1 %0] tre)
        7
      ??  ?=([%1 %1 %1] tre)
      8
    --
%.+2(+6 [%& %& %&]:+3)

ERROR

  trace:  play:
          lvl   0
          sut   0|*
          ----
          code  %^  |=  tre=[? ? ?]
                    ^-  @
                    ?:  ?=([%0 %0 %0] tre)
                      1
                    ?:  ?=([%0 %0 %1] tre)
                      2
                    ?:  ?=([%0 %1 %0] tre)
                      3
                    ?:  ?=([%1 %0 %0] tre)
                      4
                    ?:  ?=([%1 %0 %1] tre)
                      6
                    ?:  ?=([%1 %1 %0] tre)
                      7
                    ??  ?=([%1 %1 %1] tre)
                    8
                    %&
                  %&
                %&


          play:
          lvl   0
          sut   0|*
          ----
          code  |=  tre=[? ? ?]
                ^-  @
                ?:  ?=([%0 %0 %0] tre)
                  1
                ?:  ?=([%0 %0 %1] tre)
                  2
                ?:  ?=([%0 %1 %0] tre)
                  3
                ?:  ?=([%1 %0 %0] tre)
                  4
                ?:  ?=([%1 %0 %1] tre)
                  6
                ?:  ?=([%1 %1 %0] tre)
                  7
                ??  ?=([%1 %1 %1] tre)
                8


          tire:
          fish
                >>  [[%0 %0 %0] _]
                >>  [[%0 %0 %1] _]
                >>  [[%0 %1 %0] _]
                >>  [[%1 %0 %0] _]
                >>  [[%1 %0 %1] _]
                >>  [[%1 %1 %0] _]
                >>  [[%1 %1 %1] _]


          type  [tre=[? ? ?] 0|*]


  tire-fish:
  axis  2
  miss  [[%0 %1 %1] _]

