PARSED

%.  [%& %& %&]
|=  tre=[? ? ?]
^-  @
?-(tre [%& %& %&] 1, [%& %& %|] 2, [%& %| %&] 3, [%| %& %&] 4, [%& %| %|] 5, [%| %& %|] 6, [%| %| %&] 7, [%| %| %|] 8)

SOFT

%^  |=  tre=[? ? ?]
    ^-  @
    ?:  ?=([%0 %0 %0] tre)
      1
    ?:  ?=([%0 %0 %1] tre)
      2
    ?:  ?=([%0 %1 %0] tre)
      3
    ?:  ?=([%1 %0 %0] tre)
      4
    ?:  ?=([%0 %1 %1] tre)
      5
    ?:  ?=([%1 %0 %1] tre)
      6
    ?:  ?=([%1 %1 %0] tre)
      7
    ??  ?=([%1 %1 %1] tre)
    8
    %&
  %&
%&

CODE

%^  |=  *
    ?:  ?=([%0 %0 %0] +2)
      1
    ?:  ?=([%0 %0 %1] +2)
      2
    ?:  ?=([%0 %1 %0] +2)
      3
    ?:  ?=([%1 %0 %0] +2)
      4
    ?:  ?=([%0 %1 %1] +2)
      5
    ?:  ?=([%1 %0 %1] +2)
      6
    ?:  ?=([%1 %1 %0] +2)
      7
    8
    0
  0
0

TYPE

@

BASE

1