PARSED

$.  @
++  bar  $
++  foo  @
--

ERROR

unsupported $.