PARSED

123

CODE

123

COLD

123

TYPE

@ud
Aura' "ud"

BASE

123