PARSED

@pandex

CODE

@pandex

COLD

@pandex

TYPE

$

BASE

@pandex