PARSED

=/  a
  1
=/  b
  [2 3]
=(a b)

CODE

=+  a=1
=+  b=[2 3]
=(a b)

COLD

=+  1
=+  [2 3]
=(+5 +3)

TYPE

?($& $|)

BASE

=(1 [2 3])