PARSED

$

CODE

$

COLD

$

TYPE

$
Type'

BASE

$