PARSED

?($7303014 $7496034)

CODE

?($7303014 $7496034)

COLD

?($7303014 $7496034)

TYPE

$
Type'

BASE

?($7303014 $7496034)