PARSED

(1 2)

CODE

(1 2)

ERROR

  trace:  play:
          lvl   0
          sut   *
          ----
          code  (1 2)


  need-gate:  @ud
