PARSED

+(%139)

CODE

+(%139)

COLD

+(%139)

TYPE

@

BASE

%140