PARSED

:*  $-(@ @)
    $-(a|@ @)
    $-(a|$ a)
    $-(a|{@ $} +3.a)
    $-(a|$-(@ $) $-(b|@ (a b)))
==

CODE

:*  $-(@ @)
    $-(a|@ @)
    $-(a|$ a)
    $-(a|{@ $} +3.a)
    $-(a|$-(@ $) $-(b|@ (a b)))
==

COLD

:*  $-(@ @)
    $-(a|@ @)
    $-(a|$ +3)
    $-(a|{@ $} +7)
    $-(a|$-(@ $) $-(b|@ (+5 +3)))
==

TYPE

=>  0
{$ $ $ $ $}
Cell' Type' (Atom' 0 Sand "") (Cell Type (Cell Type (Cell Type Type)))

BASE

:*  =>  0
    $-(@ @)
    =>  0
    $-(a|@ @)
    =>  0
    $-(a|$ +3)
    =>  0
    $-  $=  a
        =>  0
        {@ $}
    +7
    =>  0
    $-  $=  a
        =>  0
        $-(@ $)
    $-(b|@ (+5 +3))
==