PARSED

a|b=@

CODE

a|b=@

COLD

a|@

TYPE

$
Type'

BASE

a|@