PARSED

=/  f
  ^-  $-(@ $)
  |=(@ {@ @})
=/  c
  ^-  {a=@ b=(f a)}
  [1 2 3]
b.c

SOFT

=+  ^=  f
    ^-  $-(@ $)
    |=(@ {@ @})
=+  ^=  c
    ^-  {a=@ b=(f a)}
    [1 2 3]
b.c

CODE

=+  |=(* {@ @})
=+  [1 2 3]
+5

TYPE

=>  [+2_4 0]
{@ @}

BASE

[2 3]