PARSED

^-  $
{@ @}

CODE

^-  $
{@ @}

COLD

{@ @}

TYPE

$
Type'

BASE

=>  0
{@ @}