PARSED

^-  ?($7303014 $7496034)
%foo

CODE

^-  ?($7303014 $7496034)
%foo

COLD

%foo

TYPE

?($7303014 $7496034)
Fork' (fromList [7303014,7496034]) ""

BASE

%foo