PARSED

=+  123
=/  id
  |=([t/$ x/t] x)
id

CODE

=+  123
=+  id=|=([t/$ x/t] x)
id

COLD

=+  123
=+  id=|=(_ +7)
+3

TYPE

=>  [[0 123] 0 123]
$-  =>  [[0 123] 0 123]
    {$ +3}
+6

BASE

^=  id
=>  [0 123]
|=(_ +7)