PARSED

%foo

CODE

%foo

COLD

%foo

TYPE

$foo
Fork' (fromList [7303014]) "tas"

BASE

%foo